[2024-03-12T17:16:58.357+0100][gc,init] CardTable entry size: 512
[2024-03-12T17:16:58.357+0100][gc     ] Using G1
[2024-03-12T17:16:58.363+0100][gc,init] Version: 18.0.2.1+1-1 (release)
[2024-03-12T17:16:58.363+0100][gc,init] CPUs: 8 total, 8 available
[2024-03-12T17:16:58.363+0100][gc,init] Memory: 8192M
[2024-03-12T17:16:58.363+0100][gc,init] Large Page Support: Disabled
[2024-03-12T17:16:58.363+0100][gc,init] NUMA Support: Disabled
[2024-03-12T17:16:58.363+0100][gc,init] Compressed Oops: Enabled (Zero based)
[2024-03-12T17:16:58.363+0100][gc,init] Heap Region Size: 1M
[2024-03-12T17:16:58.363+0100][gc,init] Heap Min Capacity: 1G
[2024-03-12T17:16:58.363+0100][gc,init] Heap Initial Capacity: 1G
[2024-03-12T17:16:58.363+0100][gc,init] Heap Max Capacity: 1G
[2024-03-12T17:16:58.363+0100][gc,init] Pre-touch: Disabled
[2024-03-12T17:16:58.363+0100][gc,init] Parallel Workers: 8
[2024-03-12T17:16:58.363+0100][gc,init] Concurrent Workers: 2
[2024-03-12T17:16:58.363+0100][gc,init] Concurrent Refinement Workers: 8
[2024-03-12T17:16:58.363+0100][gc,init] Periodic GC: Disabled
[2024-03-12T17:16:58.363+0100][gc,metaspace] CDS archive(s) mapped at: [0x0000000800000000-0x0000000800ba8000-0x0000000800ba8000), size 12222464, SharedBaseAddress: 0x0000000800000000, ArchiveRelocationMode: 0.
[2024-03-12T17:16:58.363+0100][gc,metaspace] Compressed class space mapped at: 0x0000000800c00000-0x0000000840c00000, reserved size: 1073741824
[2024-03-12T17:16:58.363+0100][gc,metaspace] Narrow klass base: 0x0000000800000000, Narrow klass shift: 0, Narrow klass range: 0x100000000
[2024-03-12T17:17:00.166+0100][gc,start    ] GC(0) Pause Young (Normal) (G1 Evacuation Pause)
[2024-03-12T17:17:00.167+0100][gc,task     ] GC(0) Using 8 workers of 8 for evacuation
[2024-03-12T17:17:00.182+0100][gc,phases   ] GC(0)   Pre Evacuate Collection Set: 0.6ms
[2024-03-12T17:17:00.182+0100][gc,phases   ] GC(0)   Merge Heap Roots: 0.1ms
[2024-03-12T17:17:00.182+0100][gc,phases   ] GC(0)   Evacuate Collection Set: 14.1ms
[2024-03-12T17:17:00.182+0100][gc,phases   ] GC(0)   Post Evacuate Collection Set: 0.7ms
[2024-03-12T17:17:00.182+0100][gc,phases   ] GC(0)   Other: 0.5ms
[2024-03-12T17:17:00.182+0100][gc,heap     ] GC(0) Eden regions: 51->0(44)
[2024-03-12T17:17:00.182+0100][gc,heap     ] GC(0) Survivor regions: 0->7(7)
[2024-03-12T17:17:00.182+0100][gc,heap     ] GC(0) Old regions: 0->2
[2024-03-12T17:17:00.182+0100][gc,heap     ] GC(0) Archive regions: 2->2
[2024-03-12T17:17:00.182+0100][gc,heap     ] GC(0) Humongous regions: 0->0
[2024-03-12T17:17:00.182+0100][gc,metaspace] GC(0) Metaspace: 18145K(18304K)->18145K(18304K) NonClass: 16041K(16128K)->16041K(16128K) Class: 2104K(2176K)->2104K(2176K)
[2024-03-12T17:17:00.183+0100][gc          ] GC(0) Pause Young (Normal) (G1 Evacuation Pause) 51M->8M(1024M) 16.218ms
[2024-03-12T17:17:00.183+0100][gc,cpu      ] GC(0) User=0.04s Sys=0.02s Real=0.02s
[2024-03-12T17:17:00.561+0100][gc,start    ] GC(1) Pause Young (Concurrent Start) (Metadata GC Threshold)
[2024-03-12T17:17:00.561+0100][gc,task     ] GC(1) Using 8 workers of 8 for evacuation
[2024-03-12T17:17:00.571+0100][gc,phases   ] GC(1)   Pre Evacuate Collection Set: 0.2ms
[2024-03-12T17:17:00.571+0100][gc,phases   ] GC(1)   Merge Heap Roots: 0.0ms
[2024-03-12T17:17:00.571+0100][gc,phases   ] GC(1)   Evacuate Collection Set: 9.3ms
[2024-03-12T17:17:00.571+0100][gc,phases   ] GC(1)   Post Evacuate Collection Set: 0.3ms
[2024-03-12T17:17:00.571+0100][gc,phases   ] GC(1)   Other: 0.1ms
[2024-03-12T17:17:00.571+0100][gc,heap     ] GC(1) Eden regions: 13->0(49)
[2024-03-12T17:17:00.571+0100][gc,heap     ] GC(1) Survivor regions: 7->2(7)
[2024-03-12T17:17:00.571+0100][gc,heap     ] GC(1) Old regions: 2->8
[2024-03-12T17:17:00.571+0100][gc,heap     ] GC(1) Archive regions: 2->2
[2024-03-12T17:17:00.571+0100][gc,heap     ] GC(1) Humongous regions: 0->0
[2024-03-12T17:17:00.571+0100][gc,metaspace] GC(1) Metaspace: 21303K(21504K)->21303K(21504K) NonClass: 18790K(18880K)->18790K(18880K) Class: 2513K(2624K)->2513K(2624K)
[2024-03-12T17:17:00.571+0100][gc          ] GC(1) Pause Young (Concurrent Start) (Metadata GC Threshold) 21M->9M(1024M) 10.204ms
[2024-03-12T17:17:00.571+0100][gc,cpu      ] GC(1) User=0.02s Sys=0.01s Real=0.01s
[2024-03-12T17:17:00.571+0100][gc          ] GC(2) Concurrent Mark Cycle
[2024-03-12T17:17:00.571+0100][gc,marking  ] GC(2) Concurrent Clear Claimed Marks
[2024-03-12T17:17:00.571+0100][gc,marking  ] GC(2) Concurrent Clear Claimed Marks 0.013ms
[2024-03-12T17:17:00.571+0100][gc,marking  ] GC(2) Concurrent Scan Root Regions
[2024-03-12T17:17:00.574+0100][gc,marking  ] GC(2) Concurrent Scan Root Regions 3.177ms
[2024-03-12T17:17:00.574+0100][gc,marking  ] GC(2) Concurrent Mark
[2024-03-12T17:17:00.575+0100][gc,marking  ] GC(2) Concurrent Mark From Roots
[2024-03-12T17:17:00.575+0100][gc,task     ] GC(2) Using 2 workers of 2 for marking
[2024-03-12T17:17:00.577+0100][gc,marking  ] GC(2) Concurrent Mark From Roots 1.999ms
[2024-03-12T17:17:00.577+0100][gc,marking  ] GC(2) Concurrent Preclean
[2024-03-12T17:17:00.577+0100][gc,marking  ] GC(2) Concurrent Preclean 0.014ms
[2024-03-12T17:17:00.577+0100][gc,start    ] GC(2) Pause Remark
[2024-03-12T17:17:00.585+0100][gc          ] GC(2) Pause Remark 9M->9M(1024M) 7.285ms
[2024-03-12T17:17:00.585+0100][gc,cpu      ] GC(2) User=0.01s Sys=0.01s Real=0.01s
[2024-03-12T17:17:00.588+0100][gc,marking  ] GC(2) Concurrent Mark 13.276ms
[2024-03-12T17:17:00.588+0100][gc,marking  ] GC(2) Concurrent Rebuild Remembered Sets
[2024-03-12T17:17:00.590+0100][gc,marking  ] GC(2) Concurrent Rebuild Remembered Sets 2.257ms
[2024-03-12T17:17:00.591+0100][gc,start    ] GC(2) Pause Cleanup
[2024-03-12T17:17:00.591+0100][gc          ] GC(2) Pause Cleanup 9M->9M(1024M) 0.134ms
[2024-03-12T17:17:00.591+0100][gc,cpu      ] GC(2) User=0.00s Sys=0.00s Real=0.00s
[2024-03-12T17:17:00.591+0100][gc,marking  ] GC(2) Concurrent Cleanup for Next Mark
[2024-03-12T17:17:00.595+0100][gc,marking  ] GC(2) Concurrent Cleanup for Next Mark 4.097ms
[2024-03-12T17:17:00.595+0100][gc          ] GC(2) Concurrent Mark Cycle 24.043ms
[2024-03-12T17:17:01.904+0100][gc,start    ] GC(3) Pause Young (Normal) (G1 Evacuation Pause)
[2024-03-12T17:17:01.904+0100][gc,task     ] GC(3) Using 8 workers of 8 for evacuation
[2024-03-12T17:17:01.908+0100][gc,phases   ] GC(3)   Pre Evacuate Collection Set: 0.1ms
[2024-03-12T17:17:01.908+0100][gc,phases   ] GC(3)   Merge Heap Roots: 0.1ms
[2024-03-12T17:17:01.908+0100][gc,phases   ] GC(3)   Evacuate Collection Set: 3.6ms
[2024-03-12T17:17:01.908+0100][gc,phases   ] GC(3)   Post Evacuate Collection Set: 0.3ms
[2024-03-12T17:17:01.908+0100][gc,phases   ] GC(3)   Other: 0.1ms
[2024-03-12T17:17:01.908+0100][gc,heap     ] GC(3) Eden regions: 49->0(45)
[2024-03-12T17:17:01.908+0100][gc,heap     ] GC(3) Survivor regions: 2->6(7)
[2024-03-12T17:17:01.908+0100][gc,heap     ] GC(3) Old regions: 8->8
[2024-03-12T17:17:01.908+0100][gc,heap     ] GC(3) Archive regions: 2->2
[2024-03-12T17:17:01.908+0100][gc,heap     ] GC(3) Humongous regions: 129->129
[2024-03-12T17:17:01.908+0100][gc,metaspace] GC(3) Metaspace: 30373K(30656K)->30373K(30656K) NonClass: 27010K(27200K)->27010K(27200K) Class: 3362K(3456K)->3362K(3456K)
[2024-03-12T17:17:01.908+0100][gc          ] GC(3) Pause Young (Normal) (G1 Evacuation Pause) 187M->143M(1024M) 4.386ms
[2024-03-12T17:17:01.908+0100][gc,cpu      ] GC(3) User=0.02s Sys=0.01s Real=0.00s
[2024-03-12T17:17:02.312+0100][gc,start    ] GC(4) Pause Young (Concurrent Start) (Metadata GC Threshold)
[2024-03-12T17:17:02.312+0100][gc,task     ] GC(4) Using 8 workers of 8 for evacuation
[2024-03-12T17:17:02.317+0100][gc,phases   ] GC(4)   Pre Evacuate Collection Set: 0.3ms
[2024-03-12T17:17:02.317+0100][gc,phases   ] GC(4)   Merge Heap Roots: 0.0ms
[2024-03-12T17:17:02.317+0100][gc,phases   ] GC(4)   Evacuate Collection Set: 3.8ms
[2024-03-12T17:17:02.317+0100][gc,phases   ] GC(4)   Post Evacuate Collection Set: 0.3ms
[2024-03-12T17:17:02.317+0100][gc,phases   ] GC(4)   Other: 0.0ms
[2024-03-12T17:17:02.317+0100][gc,heap     ] GC(4) Eden regions: 22->0(49)
[2024-03-12T17:17:02.317+0100][gc,heap     ] GC(4) Survivor regions: 6->2(7)
[2024-03-12T17:17:02.317+0100][gc,heap     ] GC(4) Old regions: 8->14
[2024-03-12T17:17:02.317+0100][gc,heap     ] GC(4) Archive regions: 2->2
[2024-03-12T17:17:02.317+0100][gc,heap     ] GC(4) Humongous regions: 129->129
[2024-03-12T17:17:02.317+0100][gc,metaspace] GC(4) Metaspace: 35634K(35968K)->35634K(35968K) NonClass: 31735K(31872K)->31735K(31872K) Class: 3898K(4096K)->3898K(4096K)
[2024-03-12T17:17:02.317+0100][gc          ] GC(4) Pause Young (Concurrent Start) (Metadata GC Threshold) 164M->144M(1024M) 4.597ms
[2024-03-12T17:17:02.317+0100][gc          ] GC(5) Concurrent Mark Cycle
[2024-03-12T17:17:02.317+0100][gc,cpu      ] GC(4) User=0.02s Sys=0.01s Real=0.00s
[2024-03-12T17:17:02.317+0100][gc,marking  ] GC(5) Concurrent Clear Claimed Marks
[2024-03-12T17:17:02.317+0100][gc,marking  ] GC(5) Concurrent Clear Claimed Marks 0.024ms
[2024-03-12T17:17:02.317+0100][gc,marking  ] GC(5) Concurrent Scan Root Regions
[2024-03-12T17:17:02.320+0100][gc,marking  ] GC(5) Concurrent Scan Root Regions 2.918ms
[2024-03-12T17:17:02.320+0100][gc,marking  ] GC(5) Concurrent Mark
[2024-03-12T17:17:02.320+0100][gc,marking  ] GC(5) Concurrent Mark From Roots
[2024-03-12T17:17:02.320+0100][gc,task     ] GC(5) Using 2 workers of 2 for marking
[2024-03-12T17:17:02.325+0100][gc,marking  ] GC(5) Concurrent Mark From Roots 4.956ms
[2024-03-12T17:17:02.325+0100][gc,marking  ] GC(5) Concurrent Preclean
[2024-03-12T17:17:02.325+0100][gc,marking  ] GC(5) Concurrent Preclean 0.039ms
[2024-03-12T17:17:02.325+0100][gc,start    ] GC(5) Pause Remark
[2024-03-12T17:17:02.338+0100][gc          ] GC(5) Pause Remark 145M->145M(1024M) 12.552ms
[2024-03-12T17:17:02.338+0100][gc,cpu      ] GC(5) User=0.02s Sys=0.02s Real=0.01s
[2024-03-12T17:17:02.338+0100][gc,marking  ] GC(5) Concurrent Mark 18.158ms
[2024-03-12T17:17:02.338+0100][gc,marking  ] GC(5) Concurrent Rebuild Remembered Sets
[2024-03-12T17:17:02.344+0100][gc,marking  ] GC(5) Concurrent Rebuild Remembered Sets 5.711ms
[2024-03-12T17:17:02.348+0100][gc,start    ] GC(5) Pause Cleanup
[2024-03-12T17:17:02.348+0100][gc          ] GC(5) Pause Cleanup 145M->145M(1024M) 0.093ms
[2024-03-12T17:17:02.348+0100][gc,cpu      ] GC(5) User=0.00s Sys=0.00s Real=0.00s
[2024-03-12T17:17:02.348+0100][gc,marking  ] GC(5) Concurrent Cleanup for Next Mark
[2024-03-12T17:17:02.360+0100][gc,marking  ] GC(5) Concurrent Cleanup for Next Mark 11.990ms
[2024-03-12T17:17:02.360+0100][gc          ] GC(5) Concurrent Mark Cycle 43.039ms
