[2024-03-12T15:38:01.940+0100][gc,init] CardTable entry size: 512
[2024-03-12T15:38:01.940+0100][gc     ] Using G1
[2024-03-12T15:38:01.943+0100][gc,init] Version: 18.0.2.1+1-1 (release)
[2024-03-12T15:38:01.943+0100][gc,init] CPUs: 8 total, 8 available
[2024-03-12T15:38:01.943+0100][gc,init] Memory: 8192M
[2024-03-12T15:38:01.943+0100][gc,init] Large Page Support: Disabled
[2024-03-12T15:38:01.943+0100][gc,init] NUMA Support: Disabled
[2024-03-12T15:38:01.943+0100][gc,init] Compressed Oops: Enabled (Zero based)
[2024-03-12T15:38:01.943+0100][gc,init] Heap Region Size: 1M
[2024-03-12T15:38:01.943+0100][gc,init] Heap Min Capacity: 512M
[2024-03-12T15:38:01.943+0100][gc,init] Heap Initial Capacity: 512M
[2024-03-12T15:38:01.943+0100][gc,init] Heap Max Capacity: 512M
[2024-03-12T15:38:01.943+0100][gc,init] Pre-touch: Disabled
[2024-03-12T15:38:01.943+0100][gc,init] Parallel Workers: 8
[2024-03-12T15:38:01.943+0100][gc,init] Concurrent Workers: 2
[2024-03-12T15:38:01.943+0100][gc,init] Concurrent Refinement Workers: 8
[2024-03-12T15:38:01.943+0100][gc,init] Periodic GC: Disabled
[2024-03-12T15:38:01.944+0100][gc,metaspace] CDS archive(s) mapped at: [0x0000000800000000-0x0000000800ba8000-0x0000000800ba8000), size 12222464, SharedBaseAddress: 0x0000000800000000, ArchiveRelocationMode: 0.
[2024-03-12T15:38:01.944+0100][gc,metaspace] Compressed class space mapped at: 0x0000000800c00000-0x0000000840c00000, reserved size: 1073741824
[2024-03-12T15:38:01.944+0100][gc,metaspace] Narrow klass base: 0x0000000800000000, Narrow klass shift: 0, Narrow klass range: 0x100000000
[2024-03-12T15:38:15.126+0100][gc,start    ] GC(0) Pause Young (Normal) (G1 Evacuation Pause)
[2024-03-12T15:38:15.128+0100][gc,task     ] GC(0) Using 8 workers of 8 for evacuation
[2024-03-12T15:38:15.160+0100][gc,mmu      ] GC(0) MMU target violated: 21.0ms (20.0ms/21.0ms)
[2024-03-12T15:38:15.161+0100][gc,phases   ] GC(0)   Pre Evacuate Collection Set: 0.4ms
[2024-03-12T15:38:15.161+0100][gc,phases   ] GC(0)   Merge Heap Roots: 0.2ms
[2024-03-12T15:38:15.161+0100][gc,phases   ] GC(0)   Evacuate Collection Set: 31.2ms
[2024-03-12T15:38:15.161+0100][gc,phases   ] GC(0)   Post Evacuate Collection Set: 0.8ms
[2024-03-12T15:38:15.161+0100][gc,phases   ] GC(0)   Other: 1.0ms
[2024-03-12T15:38:15.161+0100][gc,heap     ] GC(0) Eden regions: 25->0(21)
[2024-03-12T15:38:15.161+0100][gc,heap     ] GC(0) Survivor regions: 0->4(4)
[2024-03-12T15:38:15.161+0100][gc,heap     ] GC(0) Old regions: 0->5
[2024-03-12T15:38:15.161+0100][gc,heap     ] GC(0) Archive regions: 2->2
[2024-03-12T15:38:15.161+0100][gc,heap     ] GC(0) Humongous regions: 0->0
[2024-03-12T15:38:15.161+0100][gc,metaspace] GC(0) Metaspace: 7912K(8128K)->7912K(8128K) NonClass: 7054K(7168K)->7054K(7168K) Class: 857K(960K)->857K(960K)
[2024-03-12T15:38:15.161+0100][gc          ] GC(0) Pause Young (Normal) (G1 Evacuation Pause) 25M->8M(512M) 34.837ms
[2024-03-12T15:38:15.161+0100][gc,cpu      ] GC(0) User=0.04s Sys=0.04s Real=0.04s
[2024-03-12T16:42:29.961+0100][gc,heap,exit] Heap
[2024-03-12T16:42:29.962+0100][gc,heap,exit]  garbage-first heap   total 524288K, used 17415K [0x00000007e0000000, 0x0000000800000000)
[2024-03-12T16:42:29.962+0100][gc,heap,exit]   region size 1024K, 13 young (13312K), 4 survivors (4096K)
[2024-03-12T16:42:29.962+0100][gc,heap,exit]  Metaspace       used 8653K, committed 8832K, reserved 1114112K
[2024-03-12T16:42:29.962+0100][gc,heap,exit]   class space    used 895K, committed 1024K, reserved 1048576K
