[2024-03-12T17:12:10.746+0100][gc,init] CardTable entry size: 512
[2024-03-12T17:12:10.746+0100][gc     ] Using G1
[2024-03-12T17:12:10.749+0100][gc,init] Version: 18.0.2.1+1-1 (release)
[2024-03-12T17:12:10.749+0100][gc,init] CPUs: 8 total, 8 available
[2024-03-12T17:12:10.749+0100][gc,init] Memory: 8192M
[2024-03-12T17:12:10.750+0100][gc,init] Large Page Support: Disabled
[2024-03-12T17:12:10.750+0100][gc,init] NUMA Support: Disabled
[2024-03-12T17:12:10.750+0100][gc,init] Compressed Oops: Enabled (Zero based)
[2024-03-12T17:12:10.750+0100][gc,init] Heap Region Size: 1M
[2024-03-12T17:12:10.750+0100][gc,init] Heap Min Capacity: 512M
[2024-03-12T17:12:10.750+0100][gc,init] Heap Initial Capacity: 512M
[2024-03-12T17:12:10.750+0100][gc,init] Heap Max Capacity: 512M
[2024-03-12T17:12:10.750+0100][gc,init] Pre-touch: Disabled
[2024-03-12T17:12:10.750+0100][gc,init] Parallel Workers: 8
[2024-03-12T17:12:10.750+0100][gc,init] Concurrent Workers: 2
[2024-03-12T17:12:10.750+0100][gc,init] Concurrent Refinement Workers: 8
[2024-03-12T17:12:10.750+0100][gc,init] Periodic GC: Disabled
[2024-03-12T17:12:10.750+0100][gc,metaspace] CDS archive(s) mapped at: [0x0000000800000000-0x0000000800ba8000-0x0000000800ba8000), size 12222464, SharedBaseAddress: 0x0000000800000000, ArchiveRelocationMode: 0.
[2024-03-12T17:12:10.750+0100][gc,metaspace] Compressed class space mapped at: 0x0000000800c00000-0x0000000840c00000, reserved size: 1073741824
[2024-03-12T17:12:10.750+0100][gc,metaspace] Narrow klass base: 0x0000000800000000, Narrow klass shift: 0, Narrow klass range: 0x100000000
[2024-03-12T17:12:11.794+0100][gc,heap,exit] Heap
[2024-03-12T17:12:11.794+0100][gc,heap,exit]  garbage-first heap   total 524288K, used 15258K [0x00000007e0000000, 0x0000000800000000)
[2024-03-12T17:12:11.794+0100][gc,heap,exit]   region size 1024K, 15 young (15360K), 0 survivors (0K)
[2024-03-12T17:12:11.794+0100][gc,heap,exit]  Metaspace       used 5861K, committed 6144K, reserved 1114112K
[2024-03-12T17:12:11.794+0100][gc,heap,exit]   class space    used 634K, committed 768K, reserved 1048576K
