[2024-03-12T17:08:23.298+0100][gc,init] CardTable entry size: 512
[2024-03-12T17:08:23.299+0100][gc     ] Using G1
[2024-03-12T17:08:23.304+0100][gc,init] Version: 18.0.2.1+1-1 (release)
[2024-03-12T17:08:23.304+0100][gc,init] CPUs: 8 total, 8 available
[2024-03-12T17:08:23.304+0100][gc,init] Memory: 8192M
[2024-03-12T17:08:23.304+0100][gc,init] Large Page Support: Disabled
[2024-03-12T17:08:23.304+0100][gc,init] NUMA Support: Disabled
[2024-03-12T17:08:23.304+0100][gc,init] Compressed Oops: Enabled (Zero based)
[2024-03-12T17:08:23.304+0100][gc,init] Heap Region Size: 1M
[2024-03-12T17:08:23.304+0100][gc,init] Heap Min Capacity: 1G
[2024-03-12T17:08:23.304+0100][gc,init] Heap Initial Capacity: 1G
[2024-03-12T17:08:23.304+0100][gc,init] Heap Max Capacity: 1G
[2024-03-12T17:08:23.304+0100][gc,init] Pre-touch: Disabled
[2024-03-12T17:08:23.304+0100][gc,init] Parallel Workers: 8
[2024-03-12T17:08:23.304+0100][gc,init] Concurrent Workers: 2
[2024-03-12T17:08:23.304+0100][gc,init] Concurrent Refinement Workers: 8
[2024-03-12T17:08:23.304+0100][gc,init] Periodic GC: Disabled
[2024-03-12T17:08:23.305+0100][gc,metaspace] CDS archive(s) mapped at: [0x0000000800000000-0x0000000800ba8000-0x0000000800ba8000), size 12222464, SharedBaseAddress: 0x0000000800000000, ArchiveRelocationMode: 0.
[2024-03-12T17:08:23.305+0100][gc,metaspace] Compressed class space mapped at: 0x0000000800c00000-0x0000000840c00000, reserved size: 1073741824
[2024-03-12T17:08:23.305+0100][gc,metaspace] Narrow klass base: 0x0000000800000000, Narrow klass shift: 0, Narrow klass range: 0x100000000
[2024-03-12T17:08:24.831+0100][gc,heap,exit] Heap
[2024-03-12T17:08:24.831+0100][gc,heap,exit]  garbage-first heap   total 1048576K, used 34714K [0x00000007c0000000, 0x0000000800000000)
[2024-03-12T17:08:24.831+0100][gc,heap,exit]   region size 1024K, 34 young (34816K), 0 survivors (0K)
[2024-03-12T17:08:24.831+0100][gc,heap,exit]  Metaspace       used 12582K, committed 12800K, reserved 1114112K
[2024-03-12T17:08:24.831+0100][gc,heap,exit]   class space    used 1461K, committed 1536K, reserved 1048576K
