[2024-03-12T17:13:49.462+0100][gc,init] CardTable entry size: 512
[2024-03-12T17:13:49.462+0100][gc     ] Using G1
[2024-03-12T17:13:49.468+0100][gc,init] Version: 18.0.2.1+1-1 (release)
[2024-03-12T17:13:49.468+0100][gc,init] CPUs: 8 total, 8 available
[2024-03-12T17:13:49.468+0100][gc,init] Memory: 8192M
[2024-03-12T17:13:49.468+0100][gc,init] Large Page Support: Disabled
[2024-03-12T17:13:49.468+0100][gc,init] NUMA Support: Disabled
[2024-03-12T17:13:49.468+0100][gc,init] Compressed Oops: Enabled (Zero based)
[2024-03-12T17:13:49.468+0100][gc,init] Heap Region Size: 1M
[2024-03-12T17:13:49.468+0100][gc,init] Heap Min Capacity: 1G
[2024-03-12T17:13:49.468+0100][gc,init] Heap Initial Capacity: 1G
[2024-03-12T17:13:49.468+0100][gc,init] Heap Max Capacity: 1G
[2024-03-12T17:13:49.468+0100][gc,init] Pre-touch: Disabled
[2024-03-12T17:13:49.468+0100][gc,init] Parallel Workers: 8
[2024-03-12T17:13:49.468+0100][gc,init] Concurrent Workers: 2
[2024-03-12T17:13:49.468+0100][gc,init] Concurrent Refinement Workers: 8
[2024-03-12T17:13:49.468+0100][gc,init] Periodic GC: Disabled
[2024-03-12T17:13:49.468+0100][gc,metaspace] CDS archive(s) mapped at: [0x0000000800000000-0x0000000800ba8000-0x0000000800ba8000), size 12222464, SharedBaseAddress: 0x0000000800000000, ArchiveRelocationMode: 0.
[2024-03-12T17:13:49.468+0100][gc,metaspace] Compressed class space mapped at: 0x0000000800c00000-0x0000000840c00000, reserved size: 1073741824
[2024-03-12T17:13:49.468+0100][gc,metaspace] Narrow klass base: 0x0000000800000000, Narrow klass shift: 0, Narrow klass range: 0x100000000
[2024-03-12T17:13:51.286+0100][gc,start    ] GC(0) Pause Young (Normal) (G1 Evacuation Pause)
[2024-03-12T17:13:51.288+0100][gc,task     ] GC(0) Using 8 workers of 8 for evacuation
[2024-03-12T17:13:51.335+0100][gc,mmu      ] GC(0) MMU target violated: 21.0ms (20.0ms/21.0ms)
[2024-03-12T17:13:51.335+0100][gc,phases   ] GC(0)   Pre Evacuate Collection Set: 1.6ms
[2024-03-12T17:13:51.335+0100][gc,phases   ] GC(0)   Merge Heap Roots: 0.5ms
[2024-03-12T17:13:51.335+0100][gc,phases   ] GC(0)   Evacuate Collection Set: 41.6ms
[2024-03-12T17:13:51.335+0100][gc,phases   ] GC(0)   Post Evacuate Collection Set: 2.1ms
[2024-03-12T17:13:51.335+0100][gc,phases   ] GC(0)   Other: 2.4ms
[2024-03-12T17:13:51.335+0100][gc,heap     ] GC(0) Eden regions: 51->0(44)
[2024-03-12T17:13:51.335+0100][gc,heap     ] GC(0) Survivor regions: 0->7(7)
[2024-03-12T17:13:51.335+0100][gc,heap     ] GC(0) Old regions: 0->1
[2024-03-12T17:13:51.335+0100][gc,heap     ] GC(0) Archive regions: 2->2
[2024-03-12T17:13:51.335+0100][gc,heap     ] GC(0) Humongous regions: 0->0
[2024-03-12T17:13:51.335+0100][gc,metaspace] GC(0) Metaspace: 18146K(18368K)->18146K(18368K) NonClass: 16041K(16192K)->16041K(16192K) Class: 2105K(2176K)->2105K(2176K)
[2024-03-12T17:13:51.335+0100][gc          ] GC(0) Pause Young (Normal) (G1 Evacuation Pause) 51M->8M(1024M) 48.821ms
[2024-03-12T17:13:51.335+0100][gc,cpu      ] GC(0) User=0.03s Sys=0.03s Real=0.05s
[2024-03-12T17:13:51.763+0100][gc,start    ] GC(1) Pause Young (Concurrent Start) (Metadata GC Threshold)
[2024-03-12T17:13:51.763+0100][gc,task     ] GC(1) Using 8 workers of 8 for evacuation
[2024-03-12T17:13:51.775+0100][gc,phases   ] GC(1)   Pre Evacuate Collection Set: 0.2ms
[2024-03-12T17:13:51.775+0100][gc,phases   ] GC(1)   Merge Heap Roots: 0.1ms
[2024-03-12T17:13:51.775+0100][gc,phases   ] GC(1)   Evacuate Collection Set: 11.6ms
[2024-03-12T17:13:51.775+0100][gc,phases   ] GC(1)   Post Evacuate Collection Set: 0.4ms
[2024-03-12T17:13:51.775+0100][gc,phases   ] GC(1)   Other: 0.0ms
[2024-03-12T17:13:51.775+0100][gc,heap     ] GC(1) Eden regions: 13->0(49)
[2024-03-12T17:13:51.775+0100][gc,heap     ] GC(1) Survivor regions: 7->2(7)
[2024-03-12T17:13:51.775+0100][gc,heap     ] GC(1) Old regions: 1->9
[2024-03-12T17:13:51.775+0100][gc,heap     ] GC(1) Archive regions: 2->2
[2024-03-12T17:13:51.775+0100][gc,heap     ] GC(1) Humongous regions: 0->0
[2024-03-12T17:13:51.775+0100][gc,metaspace] GC(1) Metaspace: 21262K(21504K)->21262K(21504K) NonClass: 18760K(18880K)->18760K(18880K) Class: 2501K(2624K)->2501K(2624K)
[2024-03-12T17:13:51.775+0100][gc          ] GC(1) Pause Young (Concurrent Start) (Metadata GC Threshold) 20M->10M(1024M) 12.563ms
[2024-03-12T17:13:51.775+0100][gc,cpu      ] GC(1) User=0.03s Sys=0.02s Real=0.01s
[2024-03-12T17:13:51.775+0100][gc          ] GC(2) Concurrent Mark Cycle
[2024-03-12T17:13:51.776+0100][gc,marking  ] GC(2) Concurrent Clear Claimed Marks
[2024-03-12T17:13:51.776+0100][gc,marking  ] GC(2) Concurrent Clear Claimed Marks 0.019ms
[2024-03-12T17:13:51.776+0100][gc,marking  ] GC(2) Concurrent Scan Root Regions
[2024-03-12T17:13:51.780+0100][gc,marking  ] GC(2) Concurrent Scan Root Regions 4.246ms
[2024-03-12T17:13:51.781+0100][gc,marking  ] GC(2) Concurrent Mark
[2024-03-12T17:13:51.781+0100][gc,marking  ] GC(2) Concurrent Mark From Roots
[2024-03-12T17:13:51.781+0100][gc,task     ] GC(2) Using 2 workers of 2 for marking
[2024-03-12T17:13:51.786+0100][gc,marking  ] GC(2) Concurrent Mark From Roots 5.183ms
[2024-03-12T17:13:51.786+0100][gc,marking  ] GC(2) Concurrent Preclean
[2024-03-12T17:13:51.787+0100][gc,marking  ] GC(2) Concurrent Preclean 0.024ms
[2024-03-12T17:13:51.787+0100][gc,start    ] GC(2) Pause Remark
[2024-03-12T17:13:51.794+0100][gc          ] GC(2) Pause Remark 10M->10M(1024M) 7.453ms
[2024-03-12T17:13:51.794+0100][gc,cpu      ] GC(2) User=0.01s Sys=0.01s Real=0.01s
[2024-03-12T17:13:51.794+0100][gc,marking  ] GC(2) Concurrent Mark 13.421ms
[2024-03-12T17:13:51.794+0100][gc,marking  ] GC(2) Concurrent Rebuild Remembered Sets
[2024-03-12T17:13:51.797+0100][gc,marking  ] GC(2) Concurrent Rebuild Remembered Sets 2.352ms
[2024-03-12T17:13:51.797+0100][gc,start    ] GC(2) Pause Cleanup
[2024-03-12T17:13:51.797+0100][gc          ] GC(2) Pause Cleanup 10M->10M(1024M) 0.105ms
[2024-03-12T17:13:51.797+0100][gc,cpu      ] GC(2) User=0.00s Sys=0.00s Real=0.00s
[2024-03-12T17:13:51.797+0100][gc,marking  ] GC(2) Concurrent Cleanup for Next Mark
[2024-03-12T17:13:51.801+0100][gc,marking  ] GC(2) Concurrent Cleanup for Next Mark 3.858ms
[2024-03-12T17:13:51.801+0100][gc          ] GC(2) Concurrent Mark Cycle 25.505ms
[2024-03-12T17:13:53.019+0100][gc,start    ] GC(3) Pause Young (Normal) (G1 Evacuation Pause)
[2024-03-12T17:13:53.019+0100][gc,task     ] GC(3) Using 8 workers of 8 for evacuation
[2024-03-12T17:13:53.024+0100][gc,phases   ] GC(3)   Pre Evacuate Collection Set: 0.2ms
[2024-03-12T17:13:53.024+0100][gc,phases   ] GC(3)   Merge Heap Roots: 0.1ms
[2024-03-12T17:13:53.024+0100][gc,phases   ] GC(3)   Evacuate Collection Set: 3.9ms
[2024-03-12T17:13:53.024+0100][gc,phases   ] GC(3)   Post Evacuate Collection Set: 0.4ms
[2024-03-12T17:13:53.024+0100][gc,phases   ] GC(3)   Other: 0.1ms
[2024-03-12T17:13:53.024+0100][gc,heap     ] GC(3) Eden regions: 49->0(45)
[2024-03-12T17:13:53.024+0100][gc,heap     ] GC(3) Survivor regions: 2->6(7)
[2024-03-12T17:13:53.024+0100][gc,heap     ] GC(3) Old regions: 9->9
[2024-03-12T17:13:53.024+0100][gc,heap     ] GC(3) Archive regions: 2->2
[2024-03-12T17:13:53.024+0100][gc,heap     ] GC(3) Humongous regions: 129->129
[2024-03-12T17:13:53.024+0100][gc,metaspace] GC(3) Metaspace: 30065K(30400K)->30065K(30400K) NonClass: 26733K(26944K)->26733K(26944K) Class: 3331K(3456K)->3331K(3456K)
[2024-03-12T17:13:53.024+0100][gc          ] GC(3) Pause Young (Normal) (G1 Evacuation Pause) 188M->143M(1024M) 4.804ms
[2024-03-12T17:13:53.024+0100][gc,cpu      ] GC(3) User=0.02s Sys=0.00s Real=0.01s
[2024-03-12T17:13:53.796+0100][gc,heap,exit] Heap
[2024-03-12T17:13:53.796+0100][gc,heap,exit]  garbage-first heap   total 1048576K, used 161490K [0x00000007c0000000, 0x0000000800000000)
[2024-03-12T17:13:53.796+0100][gc,heap,exit]   region size 1024K, 21 young (21504K), 6 survivors (6144K)
[2024-03-12T17:13:53.796+0100][gc,heap,exit]  Metaspace       used 32308K, committed 32704K, reserved 1114112K
[2024-03-12T17:13:53.796+0100][gc,heap,exit]   class space    used 3657K, committed 3840K, reserved 1048576K
